Archive member included to satisfy reference by file (symbol)

.pio\build\bluepill_f103c8\libf2d\libsoporte_placa.a(soporte_placa.o)
                              .pio\build\bluepill_f103c8\test\embedded\test_sp_tiempo\test_sp_tiempo.o (SP_init)
.pio\build\bluepill_f103c8\libf2d\libsoporte_placa.a(sp_tiempo.o)
                              .pio\build\bluepill_f103c8\libf2d\libsoporte_placa.a(soporte_placa.o) (SP_Tiempo_init)
.pio\build\bluepill_f103c8\lib52b\libUnity.a(unity.o)
                              .pio\build\bluepill_f103c8\test\embedded\test_sp_tiempo\test_sp_tiempo.o (UnityAssertEqualNumber)
c:/users/santiago torres/.platformio/packages/toolchain-gccarmnoneeabi/bin/../lib/gcc/arm-none-eabi/7.2.1/../../../../arm-none-eabi/lib/thumb/v7-m\libc_nano.a(lib_a-exit.o)
                              c:/users/santiago torres/.platformio/packages/toolchain-gccarmnoneeabi/bin/../lib/gcc/arm-none-eabi/7.2.1/../../../../arm-none-eabi/lib/thumb/v7-m/crt0.o (exit)
c:/users/santiago torres/.platformio/packages/toolchain-gccarmnoneeabi/bin/../lib/gcc/arm-none-eabi/7.2.1/../../../../arm-none-eabi/lib/thumb/v7-m\libc_nano.a(lib_a-impure.o)
                              c:/users/santiago torres/.platformio/packages/toolchain-gccarmnoneeabi/bin/../lib/gcc/arm-none-eabi/7.2.1/../../../../arm-none-eabi/lib/thumb/v7-m\libc_nano.a(lib_a-exit.o) (_global_impure_ptr)
c:/users/santiago torres/.platformio/packages/toolchain-gccarmnoneeabi/bin/../lib/gcc/arm-none-eabi/7.2.1/../../../../arm-none-eabi/lib/thumb/v7-m\libc_nano.a(lib_a-init.o)
                              c:/users/santiago torres/.platformio/packages/toolchain-gccarmnoneeabi/bin/../lib/gcc/arm-none-eabi/7.2.1/../../../../arm-none-eabi/lib/thumb/v7-m/crt0.o (__libc_init_array)
c:/users/santiago torres/.platformio/packages/toolchain-gccarmnoneeabi/bin/../lib/gcc/arm-none-eabi/7.2.1/../../../../arm-none-eabi/lib/thumb/v7-m\libc_nano.a(lib_a-memset.o)
                              c:/users/santiago torres/.platformio/packages/toolchain-gccarmnoneeabi/bin/../lib/gcc/arm-none-eabi/7.2.1/../../../../arm-none-eabi/lib/thumb/v7-m/crt0.o (memset)
c:/users/santiago torres/.platformio/packages/toolchain-gccarmnoneeabi/bin/../lib/gcc/arm-none-eabi/7.2.1/../../../../arm-none-eabi/lib/thumb/v7-m\libc_nano.a(lib_a-setjmp.o)
                              .pio\build\bluepill_f103c8\lib52b\libUnity.a(unity.o) (setjmp)
c:/users/santiago torres/.platformio/packages/toolchain-gccarmnoneeabi/bin/../lib/gcc/arm-none-eabi/7.2.1/thumb/v7-m\libgcc.a(_arm_addsubsf3.o)
                              .pio\build\bluepill_f103c8\lib52b\libUnity.a(unity.o) (__aeabi_fsub)
c:/users/santiago torres/.platformio/packages/toolchain-gccarmnoneeabi/bin/../lib/gcc/arm-none-eabi/7.2.1/thumb/v7-m\libgcc.a(_arm_muldivsf3.o)
                              .pio\build\bluepill_f103c8\lib52b\libUnity.a(unity.o) (__aeabi_fmul)
c:/users/santiago torres/.platformio/packages/toolchain-gccarmnoneeabi/bin/../lib/gcc/arm-none-eabi/7.2.1/thumb/v7-m\libgcc.a(_arm_cmpsf2.o)
                              .pio\build\bluepill_f103c8\lib52b\libUnity.a(unity.o) (__aeabi_fcmpeq)
c:/users/santiago torres/.platformio/packages/toolchain-gccarmnoneeabi/bin/../lib/gcc/arm-none-eabi/7.2.1/thumb/v7-m\libgcc.a(_arm_unordsf2.o)
                              .pio\build\bluepill_f103c8\lib52b\libUnity.a(unity.o) (__aeabi_fcmpun)
c:/users/santiago torres/.platformio/packages/toolchain-gccarmnoneeabi/bin/../lib/gcc/arm-none-eabi/7.2.1/thumb/v7-m\libgcc.a(_arm_fixsfsi.o)
                              .pio\build\bluepill_f103c8\lib52b\libUnity.a(unity.o) (__aeabi_f2iz)
c:/users/santiago torres/.platformio/packages/toolchain-gccarmnoneeabi/bin/../lib/gcc/arm-none-eabi/7.2.1/../../../../arm-none-eabi/lib/thumb/v7-m\libnosys.a(_exit.o)
                              c:/users/santiago torres/.platformio/packages/toolchain-gccarmnoneeabi/bin/../lib/gcc/arm-none-eabi/7.2.1/../../../../arm-none-eabi/lib/thumb/v7-m\libc_nano.a(lib_a-exit.o) (_exit)

Allocating common symbols
Common symbol       size              file

timeoutDescriptors  0x30              .pio\build\bluepill_f103c8\libf2d\libsoporte_placa.a(sp_tiempo.o)
Unity               0x84              .pio\build\bluepill_f103c8\lib52b\libUnity.a(unity.o)

Discarded input sections

 .text          0x00000000        0x0 c:/users/santiago torres/.platformio/packages/toolchain-gccarmnoneeabi/bin/../lib/gcc/arm-none-eabi/7.2.1/thumb/v7-m/crti.o
 .data          0x00000000        0x0 c:/users/santiago torres/.platformio/packages/toolchain-gccarmnoneeabi/bin/../lib/gcc/arm-none-eabi/7.2.1/thumb/v7-m/crti.o
 .bss           0x00000000        0x0 c:/users/santiago torres/.platformio/packages/toolchain-gccarmnoneeabi/bin/../lib/gcc/arm-none-eabi/7.2.1/thumb/v7-m/crti.o
 .data          0x00000000        0x4 c:/users/santiago torres/.platformio/packages/toolchain-gccarmnoneeabi/bin/../lib/gcc/arm-none-eabi/7.2.1/thumb/v7-m/crtbegin.o
 .text          0x00000000       0x74 c:/users/santiago torres/.platformio/packages/toolchain-gccarmnoneeabi/bin/../lib/gcc/arm-none-eabi/7.2.1/../../../../arm-none-eabi/lib/thumb/v7-m/crt0.o
 .data          0x00000000        0x0 c:/users/santiago torres/.platformio/packages/toolchain-gccarmnoneeabi/bin/../lib/gcc/arm-none-eabi/7.2.1/../../../../arm-none-eabi/lib/thumb/v7-m/crt0.o
 .bss           0x00000000        0x0 c:/users/santiago torres/.platformio/packages/toolchain-gccarmnoneeabi/bin/../lib/gcc/arm-none-eabi/7.2.1/../../../../arm-none-eabi/lib/thumb/v7-m/crt0.o
 .ARM.extab     0x00000000        0x0 c:/users/santiago torres/.platformio/packages/toolchain-gccarmnoneeabi/bin/../lib/gcc/arm-none-eabi/7.2.1/../../../../arm-none-eabi/lib/thumb/v7-m/crt0.o
 .ARM.exidx     0x00000000        0x8 c:/users/santiago torres/.platformio/packages/toolchain-gccarmnoneeabi/bin/../lib/gcc/arm-none-eabi/7.2.1/../../../../arm-none-eabi/lib/thumb/v7-m/crt0.o
 .ARM.attributes
                0x00000000       0x1b c:/users/santiago torres/.platformio/packages/toolchain-gccarmnoneeabi/bin/../lib/gcc/arm-none-eabi/7.2.1/../../../../arm-none-eabi/lib/thumb/v7-m/crt0.o
 .text          0x00000000       0x14 .pio\build\bluepill_f103c8\FrameworkCMSIS\gcc\startup_stm32f103xb.o
 .data          0x00000000        0x0 .pio\build\bluepill_f103c8\FrameworkCMSIS\gcc\startup_stm32f103xb.o
 .bss           0x00000000        0x0 .pio\build\bluepill_f103c8\FrameworkCMSIS\gcc\startup_stm32f103xb.o
 .text.Default_Handler
                0x00000000        0x2 .pio\build\bluepill_f103c8\FrameworkCMSIS\gcc\startup_stm32f103xb.o
 .text          0x00000000        0x0 .pio\build\bluepill_f103c8\FrameworkCMSIS\system_stm32f1xx.o
 .data          0x00000000        0x0 .pio\build\bluepill_f103c8\FrameworkCMSIS\system_stm32f1xx.o
 .bss           0x00000000        0x0 .pio\build\bluepill_f103c8\FrameworkCMSIS\system_stm32f1xx.o
 .rodata.APBPrescTable
                0x00000000        0x8 .pio\build\bluepill_f103c8\FrameworkCMSIS\system_stm32f1xx.o
 .text          0x00000000        0x0 .pio\build\bluepill_f103c8\test\embedded\test_sp_tiempo\handlers.o
 .data          0x00000000        0x0 .pio\build\bluepill_f103c8\test\embedded\test_sp_tiempo\handlers.o
 .bss           0x00000000        0x0 .pio\build\bluepill_f103c8\test\embedded\test_sp_tiempo\handlers.o
 .text          0x00000000        0x0 .pio\build\bluepill_f103c8\test\embedded\test_sp_tiempo\test_sp_tiempo.o
 .data          0x00000000        0x0 .pio\build\bluepill_f103c8\test\embedded\test_sp_tiempo\test_sp_tiempo.o
 .bss           0x00000000        0x0 .pio\build\bluepill_f103c8\test\embedded\test_sp_tiempo\test_sp_tiempo.o
 .text          0x00000000        0x0 .pio\build\bluepill_f103c8\test\embedded\unity_config.o
 .data          0x00000000        0x0 .pio\build\bluepill_f103c8\test\embedded\unity_config.o
 .bss           0x00000000        0x0 .pio\build\bluepill_f103c8\test\embedded\unity_config.o
 .text          0x00000000        0x0 .pio\build\bluepill_f103c8\libf2d\libsoporte_placa.a(soporte_placa.o)
 .data          0x00000000        0x0 .pio\build\bluepill_f103c8\libf2d\libsoporte_placa.a(soporte_placa.o)
 .bss           0x00000000        0x0 .pio\build\bluepill_f103c8\libf2d\libsoporte_placa.a(soporte_placa.o)
 .text          0x00000000        0x0 .pio\build\bluepill_f103c8\libf2d\libsoporte_placa.a(sp_tiempo.o)
 .data          0x00000000        0x0 .pio\build\bluepill_f103c8\libf2d\libsoporte_placa.a(sp_tiempo.o)
 .bss           0x00000000        0x0 .pio\build\bluepill_f103c8\libf2d\libsoporte_placa.a(sp_tiempo.o)
 .text          0x00000000        0x0 .pio\build\bluepill_f103c8\lib52b\libUnity.a(unity.o)
 .data          0x00000000        0x0 .pio\build\bluepill_f103c8\lib52b\libUnity.a(unity.o)
 .bss           0x00000000        0x0 .pio\build\bluepill_f103c8\lib52b\libUnity.a(unity.o)
 .text.UnityFloatsWithin
                0x00000000       0xe8 .pio\build\bluepill_f103c8\lib52b\libUnity.a(unity.o)
 .text.UnityIsOneArrayNull
                0x00000000       0x38 .pio\build\bluepill_f103c8\lib52b\libUnity.a(unity.o)
 .text.UnityPrintExpectedAndActualStrings
                0x00000000       0x5c .pio\build\bluepill_f103c8\lib52b\libUnity.a(unity.o)
 .text.UnityPrintLen
                0x00000000       0x58 .pio\build\bluepill_f103c8\lib52b\libUnity.a(unity.o)
 .text.UnityPrintMask
                0x00000000       0x2a .pio\build\bluepill_f103c8\lib52b\libUnity.a(unity.o)
 .text.UnityPrintFloat
                0x00000000      0x298 .pio\build\bluepill_f103c8\lib52b\libUnity.a(unity.o)
 .text.UnityAssertBits
                0x00000000       0x74 .pio\build\bluepill_f103c8\lib52b\libUnity.a(unity.o)
 .text.UnityAssertEqualIntArray
                0x00000000      0x124 .pio\build\bluepill_f103c8\lib52b\libUnity.a(unity.o)
 .text.UnityAssertEqualFloatArray
                0x00000000       0xf0 .pio\build\bluepill_f103c8\lib52b\libUnity.a(unity.o)
 .text.UnityAssertFloatsWithin
                0x00000000       0x68 .pio\build\bluepill_f103c8\lib52b\libUnity.a(unity.o)
 .text.UnityAssertFloatSpecial
                0x00000000      0x13c .pio\build\bluepill_f103c8\lib52b\libUnity.a(unity.o)
 .text.UnityAssertNumbersWithin
                0x00000000       0xac .pio\build\bluepill_f103c8\lib52b\libUnity.a(unity.o)
 .text.UnityAssertNumbersArrayWithin
                0x00000000      0x15c .pio\build\bluepill_f103c8\lib52b\libUnity.a(unity.o)
 .text.UnityAssertEqualString
                0x00000000       0x70 .pio\build\bluepill_f103c8\lib52b\libUnity.a(unity.o)
 .text.UnityAssertEqualStringLen
                0x00000000       0xc4 .pio\build\bluepill_f103c8\lib52b\libUnity.a(unity.o)
 .text.UnityAssertEqualStringArray
                0x00000000       0xf0 .pio\build\bluepill_f103c8\lib52b\libUnity.a(unity.o)
 .text.UnityAssertEqualMemory
                0x00000000      0x124 .pio\build\bluepill_f103c8\lib52b\libUnity.a(unity.o)
 .text.UnityNumToPtr
                0x00000000       0x1c .pio\build\bluepill_f103c8\lib52b\libUnity.a(unity.o)
 .text.UnityFloatToPtr
                0x00000000        0xc .pio\build\bluepill_f103c8\lib52b\libUnity.a(unity.o)
 .text.UnityIgnore
                0x00000000       0x4c .pio\build\bluepill_f103c8\lib52b\libUnity.a(unity.o)
 .text.UnityMessage
                0x00000000       0x38 .pio\build\bluepill_f103c8\lib52b\libUnity.a(unity.o)
 .text.UnitySetTestFile
                0x00000000        0xc .pio\build\bluepill_f103c8\lib52b\libUnity.a(unity.o)
 .rodata        0x00000000       0x10 .pio\build\bluepill_f103c8\lib52b\libUnity.a(unity.o)
 .bss.UnityQuickCompare
                0x00000000        0x4 .pio\build\bluepill_f103c8\lib52b\libUnity.a(unity.o)
 .rodata.UnityMessage.str1.1
                0x00000000        0x5 .pio\build\bluepill_f103c8\lib52b\libUnity.a(unity.o)
 .rodata.UnityPrintFloat.str1.1
                0x00000000        0xa .pio\build\bluepill_f103c8\lib52b\libUnity.a(unity.o)
 .rodata.UnityStrByte
                0x00000000        0x7 .pio\build\bluepill_f103c8\lib52b\libUnity.a(unity.o)
 .rodata.UnityStrDelta
                0x00000000       0x1a .pio\build\bluepill_f103c8\lib52b\libUnity.a(unity.o)
 .rodata.UnityStrDet
                0x00000000        0xc .pio\build\bluepill_f103c8\lib52b\libUnity.a(unity.o)
 .rodata.UnityStrElement
                0x00000000        0xa .pio\build\bluepill_f103c8\lib52b\libUnity.a(unity.o)
 .rodata.UnityStrErr64
                0x00000000       0x1e .pio\build\bluepill_f103c8\lib52b\libUnity.a(unity.o)
 .rodata.UnityStrErrDouble
                0x00000000       0x20 .pio\build\bluepill_f103c8\lib52b\libUnity.a(unity.o)
 .rodata.UnityStrErrFloat
                0x00000000       0x1e .pio\build\bluepill_f103c8\lib52b\libUnity.a(unity.o)
 .rodata.UnityStrErrShorthand
                0x00000000       0x21 .pio\build\bluepill_f103c8\lib52b\libUnity.a(unity.o)
 .rodata.UnityStrIgnore
                0x00000000        0x7 .pio\build\bluepill_f103c8\lib52b\libUnity.a(unity.o)
 .rodata.UnityStrInf
                0x00000000        0x9 .pio\build\bluepill_f103c8\lib52b\libUnity.a(unity.o)
 .rodata.UnityStrInvalidFloatTrait
                0x00000000       0x14 .pio\build\bluepill_f103c8\lib52b\libUnity.a(unity.o)
 .rodata.UnityStrMemory
                0x00000000       0x12 .pio\build\bluepill_f103c8\lib52b\libUnity.a(unity.o)
 .rodata.UnityStrNaN
                0x00000000        0x4 .pio\build\bluepill_f103c8\lib52b\libUnity.a(unity.o)
 .rodata.UnityStrNegInf
                0x00000000       0x12 .pio\build\bluepill_f103c8\lib52b\libUnity.a(unity.o)
 .rodata.UnityStrNot
                0x00000000        0x5 .pio\build\bluepill_f103c8\lib52b\libUnity.a(unity.o)
 .rodata.UnityStrNull
                0x00000000        0x5 .pio\build\bluepill_f103c8\lib52b\libUnity.a(unity.o)
 .rodata.UnityStrNullPointerForActual
                0x00000000       0x19 .pio\build\bluepill_f103c8\lib52b\libUnity.a(unity.o)
 .rodata.UnityStrNullPointerForExpected
                0x00000000       0x1d .pio\build\bluepill_f103c8\lib52b\libUnity.a(unity.o)
 .rodata.UnityStrPointless
                0x00000000       0x37 .pio\build\bluepill_f103c8\lib52b\libUnity.a(unity.o)
 .text          0x00000000        0x0 c:/users/santiago torres/.platformio/packages/toolchain-gccarmnoneeabi/bin/../lib/gcc/arm-none-eabi/7.2.1/../../../../arm-none-eabi/lib/thumb/v7-m\libc_nano.a(lib_a-exit.o)
 .data          0x00000000        0x0 c:/users/santiago torres/.platformio/packages/toolchain-gccarmnoneeabi/bin/../lib/gcc/arm-none-eabi/7.2.1/../../../../arm-none-eabi/lib/thumb/v7-m\libc_nano.a(lib_a-exit.o)
 .bss           0x00000000        0x0 c:/users/santiago torres/.platformio/packages/toolchain-gccarmnoneeabi/bin/../lib/gcc/arm-none-eabi/7.2.1/../../../../arm-none-eabi/lib/thumb/v7-m\libc_nano.a(lib_a-exit.o)
 .text.exit     0x00000000       0x28 c:/users/santiago torres/.platformio/packages/toolchain-gccarmnoneeabi/bin/../lib/gcc/arm-none-eabi/7.2.1/../../../../arm-none-eabi/lib/thumb/v7-m\libc_nano.a(lib_a-exit.o)
 .debug_frame   0x00000000       0x28 c:/users/santiago torres/.platformio/packages/toolchain-gccarmnoneeabi/bin/../lib/gcc/arm-none-eabi/7.2.1/../../../../arm-none-eabi/lib/thumb/v7-m\libc_nano.a(lib_a-exit.o)
 .ARM.attributes
                0x00000000       0x2d c:/users/santiago torres/.platformio/packages/toolchain-gccarmnoneeabi/bin/../lib/gcc/arm-none-eabi/7.2.1/../../../../arm-none-eabi/lib/thumb/v7-m\libc_nano.a(lib_a-exit.o)
 .text          0x00000000        0x0 c:/users/santiago torres/.platformio/packages/toolchain-gccarmnoneeabi/bin/../lib/gcc/arm-none-eabi/7.2.1/../../../../arm-none-eabi/lib/thumb/v7-m\libc_nano.a(lib_a-impure.o)
 .data          0x00000000        0x0 c:/users/santiago torres/.platformio/packages/toolchain-gccarmnoneeabi/bin/../lib/gcc/arm-none-eabi/7.2.1/../../../../arm-none-eabi/lib/thumb/v7-m\libc_nano.a(lib_a-impure.o)
 .bss           0x00000000        0x0 c:/users/santiago torres/.platformio/packages/toolchain-gccarmnoneeabi/bin/../lib/gcc/arm-none-eabi/7.2.1/../../../../arm-none-eabi/lib/thumb/v7-m\libc_nano.a(lib_a-impure.o)
 .data._impure_ptr
                0x00000000        0x4 c:/users/santiago torres/.platformio/packages/toolchain-gccarmnoneeabi/bin/../lib/gcc/arm-none-eabi/7.2.1/../../../../arm-none-eabi/lib/thumb/v7-m\libc_nano.a(lib_a-impure.o)
 .data.impure_data
                0x00000000       0x60 c:/users/santiago torres/.platformio/packages/toolchain-gccarmnoneeabi/bin/../lib/gcc/arm-none-eabi/7.2.1/../../../../arm-none-eabi/lib/thumb/v7-m\libc_nano.a(lib_a-impure.o)
 .rodata._global_impure_ptr
                0x00000000        0x4 c:/users/santiago torres/.platformio/packages/toolchain-gccarmnoneeabi/bin/../lib/gcc/arm-none-eabi/7.2.1/../../../../arm-none-eabi/lib/thumb/v7-m\libc_nano.a(lib_a-impure.o)
 .ARM.attributes
                0x00000000       0x2d c:/users/santiago torres/.platformio/packages/toolchain-gccarmnoneeabi/bin/../lib/gcc/arm-none-eabi/7.2.1/../../../../arm-none-eabi/lib/thumb/v7-m\libc_nano.a(lib_a-impure.o)
 .text          0x00000000        0x0 c:/users/santiago torres/.platformio/packages/toolchain-gccarmnoneeabi/bin/../lib/gcc/arm-none-eabi/7.2.1/../../../../arm-none-eabi/lib/thumb/v7-m\libc_nano.a(lib_a-init.o)
 .data          0x00000000        0x0 c:/users/santiago torres/.platformio/packages/toolchain-gccarmnoneeabi/bin/../lib/gcc/arm-none-eabi/7.2.1/../../../../arm-none-eabi/lib/thumb/v7-m\libc_nano.a(lib_a-init.o)
 .bss           0x00000000        0x0 c:/users/santiago torres/.platformio/packages/toolchain-gccarmnoneeabi/bin/../lib/gcc/arm-none-eabi/7.2.1/../../../../arm-none-eabi/lib/thumb/v7-m\libc_nano.a(lib_a-init.o)
 .text          0x00000000        0x0 c:/users/santiago torres/.platformio/packages/toolchain-gccarmnoneeabi/bin/../lib/gcc/arm-none-eabi/7.2.1/../../../../arm-none-eabi/lib/thumb/v7-m\libc_nano.a(lib_a-memset.o)
 .data          0x00000000        0x0 c:/users/santiago torres/.platformio/packages/toolchain-gccarmnoneeabi/bin/../lib/gcc/arm-none-eabi/7.2.1/../../../../arm-none-eabi/lib/thumb/v7-m\libc_nano.a(lib_a-memset.o)
 .bss           0x00000000        0x0 c:/users/santiago torres/.platformio/packages/toolchain-gccarmnoneeabi/bin/../lib/gcc/arm-none-eabi/7.2.1/../../../../arm-none-eabi/lib/thumb/v7-m\libc_nano.a(lib_a-memset.o)
 .text.memset   0x00000000       0x10 c:/users/santiago torres/.platformio/packages/toolchain-gccarmnoneeabi/bin/../lib/gcc/arm-none-eabi/7.2.1/../../../../arm-none-eabi/lib/thumb/v7-m\libc_nano.a(lib_a-memset.o)
 .debug_frame   0x00000000       0x20 c:/users/santiago torres/.platformio/packages/toolchain-gccarmnoneeabi/bin/../lib/gcc/arm-none-eabi/7.2.1/../../../../arm-none-eabi/lib/thumb/v7-m\libc_nano.a(lib_a-memset.o)
 .ARM.attributes
                0x00000000       0x2d c:/users/santiago torres/.platformio/packages/toolchain-gccarmnoneeabi/bin/../lib/gcc/arm-none-eabi/7.2.1/../../../../arm-none-eabi/lib/thumb/v7-m\libc_nano.a(lib_a-memset.o)
 .data          0x00000000        0x0 c:/users/santiago torres/.platformio/packages/toolchain-gccarmnoneeabi/bin/../lib/gcc/arm-none-eabi/7.2.1/../../../../arm-none-eabi/lib/thumb/v7-m\libc_nano.a(lib_a-setjmp.o)
 .bss           0x00000000        0x0 c:/users/santiago torres/.platformio/packages/toolchain-gccarmnoneeabi/bin/../lib/gcc/arm-none-eabi/7.2.1/../../../../arm-none-eabi/lib/thumb/v7-m\libc_nano.a(lib_a-setjmp.o)
 .text          0x00000000      0x21c c:/users/santiago torres/.platformio/packages/toolchain-gccarmnoneeabi/bin/../lib/gcc/arm-none-eabi/7.2.1/thumb/v7-m\libgcc.a(_arm_addsubsf3.o)
 .data          0x00000000        0x0 c:/users/santiago torres/.platformio/packages/toolchain-gccarmnoneeabi/bin/../lib/gcc/arm-none-eabi/7.2.1/thumb/v7-m\libgcc.a(_arm_addsubsf3.o)
 .bss           0x00000000        0x0 c:/users/santiago torres/.platformio/packages/toolchain-gccarmnoneeabi/bin/../lib/gcc/arm-none-eabi/7.2.1/thumb/v7-m\libgcc.a(_arm_addsubsf3.o)
 .debug_frame   0x00000000       0x4c c:/users/santiago torres/.platformio/packages/toolchain-gccarmnoneeabi/bin/../lib/gcc/arm-none-eabi/7.2.1/thumb/v7-m\libgcc.a(_arm_addsubsf3.o)
 .ARM.attributes
                0x00000000       0x1d c:/users/santiago torres/.platformio/packages/toolchain-gccarmnoneeabi/bin/../lib/gcc/arm-none-eabi/7.2.1/thumb/v7-m\libgcc.a(_arm_addsubsf3.o)
 .text          0x00000000      0x2a0 c:/users/santiago torres/.platformio/packages/toolchain-gccarmnoneeabi/bin/../lib/gcc/arm-none-eabi/7.2.1/thumb/v7-m\libgcc.a(_arm_muldivsf3.o)
 .data          0x00000000        0x0 c:/users/santiago torres/.platformio/packages/toolchain-gccarmnoneeabi/bin/../lib/gcc/arm-none-eabi/7.2.1/thumb/v7-m\libgcc.a(_arm_muldivsf3.o)
 .bss           0x00000000        0x0 c:/users/santiago torres/.platformio/packages/toolchain-gccarmnoneeabi/bin/../lib/gcc/arm-none-eabi/7.2.1/thumb/v7-m\libgcc.a(_arm_muldivsf3.o)
 .debug_frame   0x00000000       0x38 c:/users/santiago torres/.platformio/packages/toolchain-gccarmnoneeabi/bin/../lib/gcc/arm-none-eabi/7.2.1/thumb/v7-m\libgcc.a(_arm_muldivsf3.o)
 .ARM.attributes
                0x00000000       0x1d c:/users/santiago torres/.platformio/packages/toolchain-gccarmnoneeabi/bin/../lib/gcc/arm-none-eabi/7.2.1/thumb/v7-m\libgcc.a(_arm_muldivsf3.o)
 .text          0x00000000       0xec c:/users/santiago torres/.platformio/packages/toolchain-gccarmnoneeabi/bin/../lib/gcc/arm-none-eabi/7.2.1/thumb/v7-m\libgcc.a(_arm_cmpsf2.o)
 .data          0x00000000        0x0 c:/users/santiago torres/.platformio/packages/toolchain-gccarmnoneeabi/bin/../lib/gcc/arm-none-eabi/7.2.1/thumb/v7-m\libgcc.a(_arm_cmpsf2.o)
 .bss           0x00000000        0x0 c:/users/santiago torres/.platformio/packages/toolchain-gccarmnoneeabi/bin/../lib/gcc/arm-none-eabi/7.2.1/thumb/v7-m\libgcc.a(_arm_cmpsf2.o)
 .debug_frame   0x00000000       0xc8 c:/users/santiago torres/.platformio/packages/toolchain-gccarmnoneeabi/bin/../lib/gcc/arm-none-eabi/7.2.1/thumb/v7-m\libgcc.a(_arm_cmpsf2.o)
 .ARM.attributes
                0x00000000       0x1d c:/users/santiago torres/.platformio/packages/toolchain-gccarmnoneeabi/bin/../lib/gcc/arm-none-eabi/7.2.1/thumb/v7-m\libgcc.a(_arm_cmpsf2.o)
 .text          0x00000000       0x2c c:/users/santiago torres/.platformio/packages/toolchain-gccarmnoneeabi/bin/../lib/gcc/arm-none-eabi/7.2.1/thumb/v7-m\libgcc.a(_arm_unordsf2.o)
 .data          0x00000000        0x0 c:/users/santiago torres/.platformio/packages/toolchain-gccarmnoneeabi/bin/../lib/gcc/arm-none-eabi/7.2.1/thumb/v7-m\libgcc.a(_arm_unordsf2.o)
 .bss           0x00000000        0x0 c:/users/santiago torres/.platformio/packages/toolchain-gccarmnoneeabi/bin/../lib/gcc/arm-none-eabi/7.2.1/thumb/v7-m\libgcc.a(_arm_unordsf2.o)
 .debug_frame   0x00000000       0x24 c:/users/santiago torres/.platformio/packages/toolchain-gccarmnoneeabi/bin/../lib/gcc/arm-none-eabi/7.2.1/thumb/v7-m\libgcc.a(_arm_unordsf2.o)
 .ARM.attributes
                0x00000000       0x1d c:/users/santiago torres/.platformio/packages/toolchain-gccarmnoneeabi/bin/../lib/gcc/arm-none-eabi/7.2.1/thumb/v7-m\libgcc.a(_arm_unordsf2.o)
 .text          0x00000000       0x4c c:/users/santiago torres/.platformio/packages/toolchain-gccarmnoneeabi/bin/../lib/gcc/arm-none-eabi/7.2.1/thumb/v7-m\libgcc.a(_arm_fixsfsi.o)
 .data          0x00000000        0x0 c:/users/santiago torres/.platformio/packages/toolchain-gccarmnoneeabi/bin/../lib/gcc/arm-none-eabi/7.2.1/thumb/v7-m\libgcc.a(_arm_fixsfsi.o)
 .bss           0x00000000        0x0 c:/users/santiago torres/.platformio/packages/toolchain-gccarmnoneeabi/bin/../lib/gcc/arm-none-eabi/7.2.1/thumb/v7-m\libgcc.a(_arm_fixsfsi.o)
 .debug_frame   0x00000000       0x24 c:/users/santiago torres/.platformio/packages/toolchain-gccarmnoneeabi/bin/../lib/gcc/arm-none-eabi/7.2.1/thumb/v7-m\libgcc.a(_arm_fixsfsi.o)
 .ARM.attributes
                0x00000000       0x1d c:/users/santiago torres/.platformio/packages/toolchain-gccarmnoneeabi/bin/../lib/gcc/arm-none-eabi/7.2.1/thumb/v7-m\libgcc.a(_arm_fixsfsi.o)
 .text          0x00000000        0x0 c:/users/santiago torres/.platformio/packages/toolchain-gccarmnoneeabi/bin/../lib/gcc/arm-none-eabi/7.2.1/../../../../arm-none-eabi/lib/thumb/v7-m\libnosys.a(_exit.o)
 .data          0x00000000        0x0 c:/users/santiago torres/.platformio/packages/toolchain-gccarmnoneeabi/bin/../lib/gcc/arm-none-eabi/7.2.1/../../../../arm-none-eabi/lib/thumb/v7-m\libnosys.a(_exit.o)
 .bss           0x00000000        0x0 c:/users/santiago torres/.platformio/packages/toolchain-gccarmnoneeabi/bin/../lib/gcc/arm-none-eabi/7.2.1/../../../../arm-none-eabi/lib/thumb/v7-m\libnosys.a(_exit.o)
 .text._exit    0x00000000        0x4 c:/users/santiago torres/.platformio/packages/toolchain-gccarmnoneeabi/bin/../lib/gcc/arm-none-eabi/7.2.1/../../../../arm-none-eabi/lib/thumb/v7-m\libnosys.a(_exit.o)
 .debug_frame   0x00000000       0x20 c:/users/santiago torres/.platformio/packages/toolchain-gccarmnoneeabi/bin/../lib/gcc/arm-none-eabi/7.2.1/../../../../arm-none-eabi/lib/thumb/v7-m\libnosys.a(_exit.o)
 .ARM.attributes
                0x00000000       0x2d c:/users/santiago torres/.platformio/packages/toolchain-gccarmnoneeabi/bin/../lib/gcc/arm-none-eabi/7.2.1/../../../../arm-none-eabi/lib/thumb/v7-m\libnosys.a(_exit.o)
 .text          0x00000000        0x0 c:/users/santiago torres/.platformio/packages/toolchain-gccarmnoneeabi/bin/../lib/gcc/arm-none-eabi/7.2.1/thumb/v7-m/crtend.o
 .data          0x00000000        0x0 c:/users/santiago torres/.platformio/packages/toolchain-gccarmnoneeabi/bin/../lib/gcc/arm-none-eabi/7.2.1/thumb/v7-m/crtend.o
 .bss           0x00000000        0x0 c:/users/santiago torres/.platformio/packages/toolchain-gccarmnoneeabi/bin/../lib/gcc/arm-none-eabi/7.2.1/thumb/v7-m/crtend.o
 .eh_frame      0x00000000        0x4 c:/users/santiago torres/.platformio/packages/toolchain-gccarmnoneeabi/bin/../lib/gcc/arm-none-eabi/7.2.1/thumb/v7-m/crtend.o
 .ARM.attributes
                0x00000000       0x2d c:/users/santiago torres/.platformio/packages/toolchain-gccarmnoneeabi/bin/../lib/gcc/arm-none-eabi/7.2.1/thumb/v7-m/crtend.o
 .text          0x00000000        0x0 c:/users/santiago torres/.platformio/packages/toolchain-gccarmnoneeabi/bin/../lib/gcc/arm-none-eabi/7.2.1/thumb/v7-m/crtn.o
 .data          0x00000000        0x0 c:/users/santiago torres/.platformio/packages/toolchain-gccarmnoneeabi/bin/../lib/gcc/arm-none-eabi/7.2.1/thumb/v7-m/crtn.o
 .bss           0x00000000        0x0 c:/users/santiago torres/.platformio/packages/toolchain-gccarmnoneeabi/bin/../lib/gcc/arm-none-eabi/7.2.1/thumb/v7-m/crtn.o

Memory Configuration

Name             Origin             Length             Attributes
RAM              0x20000000         0x00005000         xrw
FLASH            0x08000000         0x00010000         xr
*default*        0x00000000         0xffffffff

Linker script and memory map

LOAD c:/users/santiago torres/.platformio/packages/toolchain-gccarmnoneeabi/bin/../lib/gcc/arm-none-eabi/7.2.1/thumb/v7-m/crti.o
LOAD c:/users/santiago torres/.platformio/packages/toolchain-gccarmnoneeabi/bin/../lib/gcc/arm-none-eabi/7.2.1/thumb/v7-m/crtbegin.o
LOAD c:/users/santiago torres/.platformio/packages/toolchain-gccarmnoneeabi/bin/../lib/gcc/arm-none-eabi/7.2.1/../../../../arm-none-eabi/lib/thumb/v7-m/crt0.o
LOAD .pio\build\bluepill_f103c8\FrameworkCMSIS\gcc\startup_stm32f103xb.o
LOAD .pio\build\bluepill_f103c8\FrameworkCMSIS\system_stm32f1xx.o
LOAD .pio\build\bluepill_f103c8\test\embedded\test_sp_tiempo\handlers.o
LOAD .pio\build\bluepill_f103c8\test\embedded\test_sp_tiempo\test_sp_tiempo.o
LOAD .pio\build\bluepill_f103c8\test\embedded\unity_config.o
START GROUP
LOAD .pio\build\bluepill_f103c8\libf2d\libsoporte_placa.a
LOAD .pio\build\bluepill_f103c8\lib52b\libUnity.a
LOAD c:/users/santiago torres/.platformio/packages/toolchain-gccarmnoneeabi/bin/../lib/gcc/arm-none-eabi/7.2.1/../../../../arm-none-eabi/lib/thumb/v7-m\libc_nano.a
LOAD c:/users/santiago torres/.platformio/packages/toolchain-gccarmnoneeabi/bin/../lib/gcc/arm-none-eabi/7.2.1/thumb/v7-m\libgcc.a
LOAD c:/users/santiago torres/.platformio/packages/toolchain-gccarmnoneeabi/bin/../lib/gcc/arm-none-eabi/7.2.1/../../../../arm-none-eabi/lib/thumb/v7-m\libm.a
LOAD c:/users/santiago torres/.platformio/packages/toolchain-gccarmnoneeabi/bin/../lib/gcc/arm-none-eabi/7.2.1/../../../../arm-none-eabi/lib/thumb/v7-m\libstdc++_nano.a
END GROUP
START GROUP
LOAD c:/users/santiago torres/.platformio/packages/toolchain-gccarmnoneeabi/bin/../lib/gcc/arm-none-eabi/7.2.1/thumb/v7-m\libgcc.a
LOAD c:/users/santiago torres/.platformio/packages/toolchain-gccarmnoneeabi/bin/../lib/gcc/arm-none-eabi/7.2.1/../../../../arm-none-eabi/lib/thumb/v7-m\libc_nano.a
END GROUP
START GROUP
LOAD c:/users/santiago torres/.platformio/packages/toolchain-gccarmnoneeabi/bin/../lib/gcc/arm-none-eabi/7.2.1/thumb/v7-m\libgcc.a
LOAD c:/users/santiago torres/.platformio/packages/toolchain-gccarmnoneeabi/bin/../lib/gcc/arm-none-eabi/7.2.1/../../../../arm-none-eabi/lib/thumb/v7-m\libc_nano.a
LOAD c:/users/santiago torres/.platformio/packages/toolchain-gccarmnoneeabi/bin/../lib/gcc/arm-none-eabi/7.2.1/../../../../arm-none-eabi/lib/thumb/v7-m\libnosys.a
END GROUP
START GROUP
LOAD c:/users/santiago torres/.platformio/packages/toolchain-gccarmnoneeabi/bin/../lib/gcc/arm-none-eabi/7.2.1/thumb/v7-m\libgcc.a
LOAD c:/users/santiago torres/.platformio/packages/toolchain-gccarmnoneeabi/bin/../lib/gcc/arm-none-eabi/7.2.1/../../../../arm-none-eabi/lib/thumb/v7-m\libc_nano.a
LOAD c:/users/santiago torres/.platformio/packages/toolchain-gccarmnoneeabi/bin/../lib/gcc/arm-none-eabi/7.2.1/../../../../arm-none-eabi/lib/thumb/v7-m\libnosys.a
END GROUP
LOAD c:/users/santiago torres/.platformio/packages/toolchain-gccarmnoneeabi/bin/../lib/gcc/arm-none-eabi/7.2.1/thumb/v7-m/crtend.o
LOAD c:/users/santiago torres/.platformio/packages/toolchain-gccarmnoneeabi/bin/../lib/gcc/arm-none-eabi/7.2.1/thumb/v7-m/crtn.o
                0x20005000                _estack = (ORIGIN (RAM) + LENGTH (RAM))
                0x00000200                _Min_Heap_Size = 0x200
                0x00000400                _Min_Stack_Size = 0x400

.isr_vector     0x08000000      0x10c
                0x08000000                . = ALIGN (0x4)
 *(.isr_vector)
 .isr_vector    0x08000000      0x10c .pio\build\bluepill_f103c8\FrameworkCMSIS\gcc\startup_stm32f103xb.o
                0x08000000                g_pfnVectors
                0x0800010c                . = ALIGN (0x4)

.text           0x0800010c      0xd3c
                0x0800010c                . = ALIGN (0x4)
 *(.text)
 .text          0x0800010c       0x40 c:/users/santiago torres/.platformio/packages/toolchain-gccarmnoneeabi/bin/../lib/gcc/arm-none-eabi/7.2.1/thumb/v7-m/crtbegin.o
 .text          0x0800014c       0x1c c:/users/santiago torres/.platformio/packages/toolchain-gccarmnoneeabi/bin/../lib/gcc/arm-none-eabi/7.2.1/../../../../arm-none-eabi/lib/thumb/v7-m\libc_nano.a(lib_a-setjmp.o)
                0x0800014c                setjmp
                0x08000158                longjmp
 *(.text*)
 .text.Reset_Handler
                0x08000168       0x48 .pio\build\bluepill_f103c8\FrameworkCMSIS\gcc\startup_stm32f103xb.o
                0x08000168                Reset_Handler
 .text.SystemInit
                0x080001b0       0x4c .pio\build\bluepill_f103c8\FrameworkCMSIS\system_stm32f1xx.o
                0x080001b0                SystemInit
 .text.SystemCoreClockUpdate
                0x080001fc       0x58 .pio\build\bluepill_f103c8\FrameworkCMSIS\system_stm32f1xx.o
                0x080001fc                SystemCoreClockUpdate
 .text.RTC_Alarm_IRQHandler
                0x08000254        0x2 .pio\build\bluepill_f103c8\test\embedded\test_sp_tiempo\handlers.o
                0x08000254                RTC_Alarm_IRQHandler
 .text.EXTI2_IRQHandler
                0x08000256        0x2 .pio\build\bluepill_f103c8\test\embedded\test_sp_tiempo\handlers.o
                0x08000256                EXTI2_IRQHandler
 .text.DebugMon_Handler
                0x08000258        0x2 .pio\build\bluepill_f103c8\test\embedded\test_sp_tiempo\handlers.o
                0x08000258                DebugMon_Handler
 .text.TIM1_CC_IRQHandler
                0x0800025a        0x2 .pio\build\bluepill_f103c8\test\embedded\test_sp_tiempo\handlers.o
                0x0800025a                TIM1_CC_IRQHandler
 .text.HardFault_Handler
                0x0800025c        0x2 .pio\build\bluepill_f103c8\test\embedded\test_sp_tiempo\handlers.o
                0x0800025c                HardFault_Handler
 .text.PVD_IRQHandler
                0x0800025e        0x2 .pio\build\bluepill_f103c8\test\embedded\test_sp_tiempo\handlers.o
                0x0800025e                PVD_IRQHandler
 .text.PendSV_Handler
                0x08000260        0x2 .pio\build\bluepill_f103c8\test\embedded\test_sp_tiempo\handlers.o
                0x08000260                PendSV_Handler
 .text.NMI_Handler
                0x08000262        0x2 .pio\build\bluepill_f103c8\test\embedded\test_sp_tiempo\handlers.o
                0x08000262                NMI_Handler
 .text.EXTI3_IRQHandler
                0x08000264        0x2 .pio\build\bluepill_f103c8\test\embedded\test_sp_tiempo\handlers.o
                0x08000264                EXTI3_IRQHandler
 .text.EXTI0_IRQHandler
                0x08000266        0x2 .pio\build\bluepill_f103c8\test\embedded\test_sp_tiempo\handlers.o
                0x08000266                EXTI0_IRQHandler
 .text.I2C2_EV_IRQHandler
                0x08000268        0x2 .pio\build\bluepill_f103c8\test\embedded\test_sp_tiempo\handlers.o
                0x08000268                I2C2_EV_IRQHandler
 .text.UsageFault_Handler
                0x0800026a        0x2 .pio\build\bluepill_f103c8\test\embedded\test_sp_tiempo\handlers.o
                0x0800026a                UsageFault_Handler
 .text.ADC1_2_IRQHandler
                0x0800026c        0x2 .pio\build\bluepill_f103c8\test\embedded\test_sp_tiempo\handlers.o
                0x0800026c                ADC1_2_IRQHandler
 .text.SPI1_IRQHandler
                0x0800026e        0x2 .pio\build\bluepill_f103c8\test\embedded\test_sp_tiempo\handlers.o
                0x0800026e                SPI1_IRQHandler
 .text.TAMPER_IRQHandler
                0x08000270        0x2 .pio\build\bluepill_f103c8\test\embedded\test_sp_tiempo\handlers.o
                0x08000270                TAMPER_IRQHandler
 .text.DMA1_Channel4_IRQHandler
                0x08000272        0x2 .pio\build\bluepill_f103c8\test\embedded\test_sp_tiempo\handlers.o
                0x08000272                DMA1_Channel4_IRQHandler
 .text.USART3_IRQHandler
                0x08000274        0x2 .pio\build\bluepill_f103c8\test\embedded\test_sp_tiempo\handlers.o
                0x08000274                USART3_IRQHandler
 .text.RTC_IRQHandler
                0x08000276        0x2 .pio\build\bluepill_f103c8\test\embedded\test_sp_tiempo\handlers.o
                0x08000276                RTC_IRQHandler
 .text.DMA1_Channel7_IRQHandler
                0x08000278        0x2 .pio\build\bluepill_f103c8\test\embedded\test_sp_tiempo\handlers.o
                0x08000278                DMA1_Channel7_IRQHandler
 .text.CAN1_RX1_IRQHandler
                0x0800027a        0x2 .pio\build\bluepill_f103c8\test\embedded\test_sp_tiempo\handlers.o
                0x0800027a                CAN1_RX1_IRQHandler
 .text.TIM4_IRQHandler
                0x0800027c        0x2 .pio\build\bluepill_f103c8\test\embedded\test_sp_tiempo\handlers.o
                0x0800027c                TIM4_IRQHandler
 .text.I2C1_EV_IRQHandler
                0x0800027e        0x2 .pio\build\bluepill_f103c8\test\embedded\test_sp_tiempo\handlers.o
                0x0800027e                I2C1_EV_IRQHandler
 .text.DMA1_Channel6_IRQHandler
                0x08000280        0x2 .pio\build\bluepill_f103c8\test\embedded\test_sp_tiempo\handlers.o
                0x08000280                DMA1_Channel6_IRQHandler
 .text.TIM3_IRQHandler
                0x08000282        0x2 .pio\build\bluepill_f103c8\test\embedded\test_sp_tiempo\handlers.o
                0x08000282                TIM3_IRQHandler
 .text.RCC_IRQHandler
                0x08000284        0x2 .pio\build\bluepill_f103c8\test\embedded\test_sp_tiempo\handlers.o
                0x08000284                RCC_IRQHandler
 .text.TIM1_TRG_COM_IRQHandler
                0x08000286        0x2 .pio\build\bluepill_f103c8\test\embedded\test_sp_tiempo\handlers.o
                0x08000286                TIM1_TRG_COM_IRQHandler
 .text.DMA1_Channel1_IRQHandler
                0x08000288        0x2 .pio\build\bluepill_f103c8\test\embedded\test_sp_tiempo\handlers.o
                0x08000288                DMA1_Channel1_IRQHandler
 .text.EXTI15_10_IRQHandler
                0x0800028a        0x2 .pio\build\bluepill_f103c8\test\embedded\test_sp_tiempo\handlers.o
                0x0800028a                EXTI15_10_IRQHandler
 .text.EXTI9_5_IRQHandler
                0x0800028c        0x2 .pio\build\bluepill_f103c8\test\embedded\test_sp_tiempo\handlers.o
                0x0800028c                EXTI9_5_IRQHandler
 .text.SPI2_IRQHandler
                0x0800028e        0x2 .pio\build\bluepill_f103c8\test\embedded\test_sp_tiempo\handlers.o
                0x0800028e                SPI2_IRQHandler
 .text.MemManage_Handler
                0x08000290        0x2 .pio\build\bluepill_f103c8\test\embedded\test_sp_tiempo\handlers.o
                0x08000290                MemManage_Handler
 .text.SVC_Handler
                0x08000292        0x2 .pio\build\bluepill_f103c8\test\embedded\test_sp_tiempo\handlers.o
                0x08000292                SVC_Handler
 .text.DMA1_Channel5_IRQHandler
                0x08000294        0x2 .pio\build\bluepill_f103c8\test\embedded\test_sp_tiempo\handlers.o
                0x08000294                DMA1_Channel5_IRQHandler
 .text.EXTI4_IRQHandler
                0x08000296        0x2 .pio\build\bluepill_f103c8\test\embedded\test_sp_tiempo\handlers.o
                0x08000296                EXTI4_IRQHandler
 .text.USB_LP_CAN1_RX0_IRQHandler
                0x08000298        0x2 .pio\build\bluepill_f103c8\test\embedded\test_sp_tiempo\handlers.o
                0x08000298                USB_LP_CAN1_RX0_IRQHandler
 .text.USB_HP_CAN1_TX_IRQHandler
                0x0800029a        0x2 .pio\build\bluepill_f103c8\test\embedded\test_sp_tiempo\handlers.o
                0x0800029a                USB_HP_CAN1_TX_IRQHandler
 .text.DMA1_Channel3_IRQHandler
                0x0800029c        0x2 .pio\build\bluepill_f103c8\test\embedded\test_sp_tiempo\handlers.o
                0x0800029c                DMA1_Channel3_IRQHandler
 .text.TIM1_UP_IRQHandler
                0x0800029e        0x2 .pio\build\bluepill_f103c8\test\embedded\test_sp_tiempo\handlers.o
                0x0800029e                TIM1_UP_IRQHandler
 .text.WWDG_IRQHandler
                0x080002a0        0x2 .pio\build\bluepill_f103c8\test\embedded\test_sp_tiempo\handlers.o
                0x080002a0                WWDG_IRQHandler
 .text.TIM2_IRQHandler
                0x080002a2        0x2 .pio\build\bluepill_f103c8\test\embedded\test_sp_tiempo\handlers.o
                0x080002a2                TIM2_IRQHandler
 .text.TIM1_BRK_IRQHandler
                0x080002a4        0x2 .pio\build\bluepill_f103c8\test\embedded\test_sp_tiempo\handlers.o
                0x080002a4                TIM1_BRK_IRQHandler
 .text.EXTI1_IRQHandler
                0x080002a6        0x2 .pio\build\bluepill_f103c8\test\embedded\test_sp_tiempo\handlers.o
                0x080002a6                EXTI1_IRQHandler
 .text.USART2_IRQHandler
                0x080002a8        0x2 .pio\build\bluepill_f103c8\test\embedded\test_sp_tiempo\handlers.o
                0x080002a8                USART2_IRQHandler
 .text.I2C2_ER_IRQHandler
                0x080002aa        0x2 .pio\build\bluepill_f103c8\test\embedded\test_sp_tiempo\handlers.o
                0x080002aa                I2C2_ER_IRQHandler
 .text.DMA1_Channel2_IRQHandler
                0x080002ac        0x2 .pio\build\bluepill_f103c8\test\embedded\test_sp_tiempo\handlers.o
                0x080002ac                DMA1_Channel2_IRQHandler
 .text.CAN1_SCE_IRQHandler
                0x080002ae        0x2 .pio\build\bluepill_f103c8\test\embedded\test_sp_tiempo\handlers.o
                0x080002ae                CAN1_SCE_IRQHandler
 .text.FLASH_IRQHandler
                0x080002b0        0x2 .pio\build\bluepill_f103c8\test\embedded\test_sp_tiempo\handlers.o
                0x080002b0                FLASH_IRQHandler
 .text.BusFault_Handler
                0x080002b2        0x2 .pio\build\bluepill_f103c8\test\embedded\test_sp_tiempo\handlers.o
                0x080002b2                BusFault_Handler
 .text.USART1_IRQHandler
                0x080002b4        0x2 .pio\build\bluepill_f103c8\test\embedded\test_sp_tiempo\handlers.o
                0x080002b4                USART1_IRQHandler
 .text.I2C1_ER_IRQHandler
                0x080002b6        0x2 .pio\build\bluepill_f103c8\test\embedded\test_sp_tiempo\handlers.o
                0x080002b6                I2C1_ER_IRQHandler
 .text.USBWakeUp_IRQHandler
                0x080002b8        0x2 .pio\build\bluepill_f103c8\test\embedded\test_sp_tiempo\handlers.o
                0x080002b8                USBWakeUp_IRQHandler
 *fill*         0x080002ba        0x2 
 .text.CycleCounter_getValue_ms
                0x080002bc       0x24 .pio\build\bluepill_f103c8\test\embedded\test_sp_tiempo\test_sp_tiempo.o
 .text.test_SP_delay_10ms_iniciaDespuesMediaCuenta
                0x080002e0       0x58 .pio\build\bluepill_f103c8\test\embedded\test_sp_tiempo\test_sp_tiempo.o
 .text.test_SP_delay_10ms_iniciaAntesMediaCuenta
                0x08000338       0x58 .pio\build\bluepill_f103c8\test\embedded\test_sp_tiempo\test_sp_tiempo.o
 .text.test_SP_delay_10ms_iniciaCuentaNueva
                0x08000390       0x34 .pio\build\bluepill_f103c8\test\embedded\test_sp_tiempo\test_sp_tiempo.o
 .text.marca_tiempo
                0x080003c4       0x10 .pio\build\bluepill_f103c8\test\embedded\test_sp_tiempo\test_sp_tiempo.o
 .text.Acumuladores_init
                0x080003d4       0x18 .pio\build\bluepill_f103c8\test\embedded\test_sp_tiempo\test_sp_tiempo.o
 .text.test_varios_timeouts_iguales
                0x080003ec       0xa0 .pio\build\bluepill_f103c8\test\embedded\test_sp_tiempo\test_sp_tiempo.o
 .text.test_varios_timeouts
                0x0800048c       0xa0 .pio\build\bluepill_f103c8\test\embedded\test_sp_tiempo\test_sp_tiempo.o
 .text.test_SP_Tiempo_getMilisegundos
                0x0800052c       0x6c .pio\build\bluepill_f103c8\test\embedded\test_sp_tiempo\test_sp_tiempo.o
 .text.test_SP_delay_10ms_iniciaMediaCuenta
                0x08000598       0x64 .pio\build\bluepill_f103c8\test\embedded\test_sp_tiempo\test_sp_tiempo.o
 .text.test_SystemCoreClock_actualizado
                0x080005fc       0x24 .pio\build\bluepill_f103c8\test\embedded\test_sp_tiempo\test_sp_tiempo.o
 .text.test_un_timeout
                0x08000620       0x44 .pio\build\bluepill_f103c8\test\embedded\test_sp_tiempo\test_sp_tiempo.o
 .text.setUp    0x08000664        0x2 .pio\build\bluepill_f103c8\test\embedded\test_sp_tiempo\test_sp_tiempo.o
                0x08000664                setUp
 .text.tearDown
                0x08000666        0x2 .pio\build\bluepill_f103c8\test\embedded\test_sp_tiempo\test_sp_tiempo.o
                0x08000666                tearDown
 .text.startup.main
                0x08000668       0xe8 .pio\build\bluepill_f103c8\test\embedded\test_sp_tiempo\test_sp_tiempo.o
                0x08000668                main
 .text.unityOutputStart
                0x08000750       0x4c .pio\build\bluepill_f103c8\test\embedded\unity_config.o
                0x08000750                unityOutputStart
 .text.unityOutputChar
                0x0800079c       0x10 .pio\build\bluepill_f103c8\test\embedded\unity_config.o
                0x0800079c                unityOutputChar
 .text.unityOutputFlush
                0x080007ac       0x10 .pio\build\bluepill_f103c8\test\embedded\unity_config.o
                0x080007ac                unityOutputFlush
 .text.unityOutputComplete
                0x080007bc       0x28 .pio\build\bluepill_f103c8\test\embedded\unity_config.o
                0x080007bc                unityOutputComplete
 .text.SP_init  0x080007e4        0x4 .pio\build\bluepill_f103c8\libf2d\libsoporte_placa.a(soporte_placa.o)
                0x080007e4                SP_init
 .text.SP_Tiempo_init
                0x080007e8       0x4c .pio\build\bluepill_f103c8\libf2d\libsoporte_placa.a(sp_tiempo.o)
                0x080007e8                SP_Tiempo_init
 .text.SP_Tiempo_delay
                0x08000834       0x38 .pio\build\bluepill_f103c8\libf2d\libsoporte_placa.a(sp_tiempo.o)
                0x08000834                SP_Tiempo_delay
 .text.SP_Tiempo_addTimeout
                0x0800086c       0x34 .pio\build\bluepill_f103c8\libf2d\libsoporte_placa.a(sp_tiempo.o)
                0x0800086c                SP_Tiempo_addTimeout
 .text.SysTick_Handler
                0x080008a0       0x3c .pio\build\bluepill_f103c8\libf2d\libsoporte_placa.a(sp_tiempo.o)
                0x080008a0                SysTick_Handler
 .text.SP_Tiempo_getMilisegundos
                0x080008dc        0xc .pio\build\bluepill_f103c8\libf2d\libsoporte_placa.a(sp_tiempo.o)
                0x080008dc                SP_Tiempo_getMilisegundos
 .text.UnityPrintNumberUnsigned
                0x080008e8       0x34 .pio\build\bluepill_f103c8\lib52b\libUnity.a(unity.o)
                0x080008e8                UnityPrintNumberUnsigned
 .text.UnityPrintNumber
                0x0800091c       0x18 .pio\build\bluepill_f103c8\lib52b\libUnity.a(unity.o)
                0x0800091c                UnityPrintNumber
 .text.UnityPrintNumberHex
                0x08000934       0x2e .pio\build\bluepill_f103c8\lib52b\libUnity.a(unity.o)
                0x08000934                UnityPrintNumberHex
 .text.UnityPrint.part.0
                0x08000962       0x4c .pio\build\bluepill_f103c8\lib52b\libUnity.a(unity.o)
 .text.UnityPrint
                0x080009ae        0x8 .pio\build\bluepill_f103c8\lib52b\libUnity.a(unity.o)
                0x080009ae                UnityPrint
 *fill*         0x080009b6        0x2 
 .text.UnityTestResultsBegin
                0x080009b8       0x30 .pio\build\bluepill_f103c8\lib52b\libUnity.a(unity.o)
 .text.UnityTestResultsFailBegin
                0x080009e8       0x24 .pio\build\bluepill_f103c8\lib52b\libUnity.a(unity.o)
 .text.UnityAddMsgIfSpecified
                0x08000a0c       0x50 .pio\build\bluepill_f103c8\lib52b\libUnity.a(unity.o)
 .text.UnityPrintNumberByStyle
                0x08000a5c       0x8c .pio\build\bluepill_f103c8\lib52b\libUnity.a(unity.o)
                0x08000a5c                UnityPrintNumberByStyle
 .text.UnityConcludeTest
                0x08000ae8       0x48 .pio\build\bluepill_f103c8\lib52b\libUnity.a(unity.o)
                0x08000ae8                UnityConcludeTest
 .text.UnityAssertEqualNumber
                0x08000b30       0x70 .pio\build\bluepill_f103c8\lib52b\libUnity.a(unity.o)
                0x08000b30                UnityAssertEqualNumber
 .text.UnityAssertGreaterOrLessOrEqualNumber
                0x08000ba0       0xdc .pio\build\bluepill_f103c8\lib52b\libUnity.a(unity.o)
                0x08000ba0                UnityAssertGreaterOrLessOrEqualNumber
 .text.UnityFail
                0x08000c7c       0x84 .pio\build\bluepill_f103c8\lib52b\libUnity.a(unity.o)
                0x08000c7c                UnityFail
 .text.UnityDefaultTestRun
                0x08000d00       0x48 .pio\build\bluepill_f103c8\lib52b\libUnity.a(unity.o)
                0x08000d00                UnityDefaultTestRun
 .text.UnityBegin
                0x08000d48       0x24 .pio\build\bluepill_f103c8\lib52b\libUnity.a(unity.o)
                0x08000d48                UnityBegin
 .text.UnityEnd
                0x08000d6c       0x7c .pio\build\bluepill_f103c8\lib52b\libUnity.a(unity.o)
                0x08000d6c                UnityEnd
 .text.__libc_init_array
                0x08000de8       0x48 c:/users/santiago torres/.platformio/packages/toolchain-gccarmnoneeabi/bin/../lib/gcc/arm-none-eabi/7.2.1/../../../../arm-none-eabi/lib/thumb/v7-m\libc_nano.a(lib_a-init.o)
                0x08000de8                __libc_init_array
 *(.glue_7)
 .glue_7        0x08000e30        0x0 linker stubs
 *(.glue_7t)
 .glue_7t       0x08000e30        0x0 linker stubs
 *(.eh_frame)
 .eh_frame      0x08000e30        0x0 c:/users/santiago torres/.platformio/packages/toolchain-gccarmnoneeabi/bin/../lib/gcc/arm-none-eabi/7.2.1/thumb/v7-m/crtbegin.o
 *(.init)
 .init          0x08000e30        0x4 c:/users/santiago torres/.platformio/packages/toolchain-gccarmnoneeabi/bin/../lib/gcc/arm-none-eabi/7.2.1/thumb/v7-m/crti.o
                0x08000e30                _init
 .init          0x08000e34        0x8 c:/users/santiago torres/.platformio/packages/toolchain-gccarmnoneeabi/bin/../lib/gcc/arm-none-eabi/7.2.1/thumb/v7-m/crtn.o
 *(.fini)
 .fini          0x08000e3c        0x4 c:/users/santiago torres/.platformio/packages/toolchain-gccarmnoneeabi/bin/../lib/gcc/arm-none-eabi/7.2.1/thumb/v7-m/crti.o
                0x08000e3c                _fini
 .fini          0x08000e40        0x8 c:/users/santiago torres/.platformio/packages/toolchain-gccarmnoneeabi/bin/../lib/gcc/arm-none-eabi/7.2.1/thumb/v7-m/crtn.o
                0x08000e48                . = ALIGN (0x4)
                0x08000e48                _etext = .

.vfp11_veneer   0x08000e48        0x0
 .vfp11_veneer  0x08000e48        0x0 linker stubs

.v4_bx          0x08000e48        0x0
 .v4_bx         0x08000e48        0x0 linker stubs

.iplt           0x08000e48        0x0
 .iplt          0x08000e48        0x0 c:/users/santiago torres/.platformio/packages/toolchain-gccarmnoneeabi/bin/../lib/gcc/arm-none-eabi/7.2.1/thumb/v7-m/crtbegin.o

.rodata         0x08000e48      0x230
                0x08000e48                . = ALIGN (0x4)
 *(.rodata)
 *(.rodata*)
 .rodata.AHBPrescTable
                0x08000e48       0x10 .pio\build\bluepill_f103c8\FrameworkCMSIS\system_stm32f1xx.o
                0x08000e48                AHBPrescTable
 .rodata.main.str1.1
                0x08000e58      0x150 .pio\build\bluepill_f103c8\test\embedded\test_sp_tiempo\test_sp_tiempo.o
 .rodata.test_varios_timeouts_iguales.str1.1
                0x08000fa8       0x19 .pio\build\bluepill_f103c8\test\embedded\test_sp_tiempo\test_sp_tiempo.o
 .rodata.UnityStrBreaker
                0x08000fc1       0x18 .pio\build\bluepill_f103c8\lib52b\libUnity.a(unity.o)
 .rodata.UnityStrDetail1Name
                0x08000fd9        0xa .pio\build\bluepill_f103c8\lib52b\libUnity.a(unity.o)
 .rodata.UnityStrDetail2Name
                0x08000fe3        0xb .pio\build\bluepill_f103c8\lib52b\libUnity.a(unity.o)
 .rodata.UnityStrExpected
                0x08000fee        0xb .pio\build\bluepill_f103c8\lib52b\libUnity.a(unity.o)
 .rodata.UnityStrFail
                0x08000ff9        0x5 .pio\build\bluepill_f103c8\lib52b\libUnity.a(unity.o)
                0x08000ff9                UnityStrFail
 .rodata.UnityStrGt
                0x08000ffe       0x15 .pio\build\bluepill_f103c8\lib52b\libUnity.a(unity.o)
 .rodata.UnityStrLt
                0x08001013       0x12 .pio\build\bluepill_f103c8\lib52b\libUnity.a(unity.o)
 .rodata.UnityStrNotEqual
                0x08001025       0x15 .pio\build\bluepill_f103c8\lib52b\libUnity.a(unity.o)
 .rodata.UnityStrOk
                0x0800103a        0x3 .pio\build\bluepill_f103c8\lib52b\libUnity.a(unity.o)
                0x0800103a                UnityStrOk
 .rodata.UnityStrOrEqual
                0x0800103d        0xd .pio\build\bluepill_f103c8\lib52b\libUnity.a(unity.o)
 .rodata.UnityStrPass
                0x0800104a        0x5 .pio\build\bluepill_f103c8\lib52b\libUnity.a(unity.o)
                0x0800104a                UnityStrPass
 .rodata.UnityStrResultsFailures
                0x0800104f        0xb .pio\build\bluepill_f103c8\lib52b\libUnity.a(unity.o)
 .rodata.UnityStrResultsIgnored
                0x0800105a        0xa .pio\build\bluepill_f103c8\lib52b\libUnity.a(unity.o)
 .rodata.UnityStrResultsTests
                0x08001064        0x8 .pio\build\bluepill_f103c8\lib52b\libUnity.a(unity.o)
 .rodata.UnityStrSpacer
                0x0800106c        0x3 .pio\build\bluepill_f103c8\lib52b\libUnity.a(unity.o)
 .rodata.UnityStrWas
                0x0800106f        0x6 .pio\build\bluepill_f103c8\lib52b\libUnity.a(unity.o)
                0x08001078                . = ALIGN (0x4)
 *fill*         0x08001075        0x3 

.rel.dyn        0x08001078        0x0
 .rel.iplt      0x08001078        0x0 c:/users/santiago torres/.platformio/packages/toolchain-gccarmnoneeabi/bin/../lib/gcc/arm-none-eabi/7.2.1/thumb/v7-m/crtbegin.o

.ARM.extab      0x08001078        0x0
                0x08001078                . = ALIGN (0x4)
 *(.ARM.extab* .gnu.linkonce.armextab.*)
                0x08001078                . = ALIGN (0x4)

.ARM            0x08001078        0x0
                0x08001078                . = ALIGN (0x4)
                0x08001078                __exidx_start = .
 *(.ARM.exidx*)
                0x08001078                __exidx_end = .
                0x08001078                . = ALIGN (0x4)

.preinit_array  0x08001078        0x0
                0x08001078                . = ALIGN (0x4)
                0x08001078                PROVIDE (__preinit_array_start, .)
 *(.preinit_array*)
                0x08001078                PROVIDE (__preinit_array_end, .)
                0x08001078                . = ALIGN (0x4)

.init_array     0x08001078        0x4
                0x08001078                . = ALIGN (0x4)
                0x08001078                PROVIDE (__init_array_start, .)
 *(SORT_BY_NAME(.init_array.*))
 *(.init_array*)
 .init_array    0x08001078        0x4 c:/users/santiago torres/.platformio/packages/toolchain-gccarmnoneeabi/bin/../lib/gcc/arm-none-eabi/7.2.1/thumb/v7-m/crtbegin.o
                0x0800107c                PROVIDE (__init_array_end, .)
                0x0800107c                . = ALIGN (0x4)

.fini_array     0x0800107c        0x4
                0x0800107c                . = ALIGN (0x4)
                [!provide]                PROVIDE (__fini_array_start, .)
 *(SORT_BY_NAME(.fini_array.*))
 *(.fini_array*)
 .fini_array    0x0800107c        0x4 c:/users/santiago torres/.platformio/packages/toolchain-gccarmnoneeabi/bin/../lib/gcc/arm-none-eabi/7.2.1/thumb/v7-m/crtbegin.o
                [!provide]                PROVIDE (__fini_array_end, .)
                0x08001080                . = ALIGN (0x4)
                0x08001080                _sidata = LOADADDR (.data)

.data           0x20000000        0x4 load address 0x08001080
                0x20000000                . = ALIGN (0x4)
                0x20000000                _sdata = .
 *(.data)
 *(.data*)
 .data.SystemCoreClock
                0x20000000        0x4 .pio\build\bluepill_f103c8\FrameworkCMSIS\system_stm32f1xx.o
                0x20000000                SystemCoreClock
 *(.RamFunc)
 *(.RamFunc*)
                0x20000004                . = ALIGN (0x4)
                0x20000004                _edata = .

.igot.plt       0x20000004        0x0 load address 0x08001084
 .igot.plt      0x20000004        0x0 c:/users/santiago torres/.platformio/packages/toolchain-gccarmnoneeabi/bin/../lib/gcc/arm-none-eabi/7.2.1/thumb/v7-m/crtbegin.o
                0x20000004                . = ALIGN (0x4)

.bss            0x20000004       0xe8 load address 0x08001084
                0x20000004                _sbss = .
                0x20000004                __bss_start__ = _sbss
 *(.bss)
 .bss           0x20000004       0x1c c:/users/santiago torres/.platformio/packages/toolchain-gccarmnoneeabi/bin/../lib/gcc/arm-none-eabi/7.2.1/thumb/v7-m/crtbegin.o
 *(.bss*)
 .bss.acumuladores
                0x20000020       0x10 .pio\build\bluepill_f103c8\test\embedded\test_sp_tiempo\test_sp_tiempo.o
 .bss.limiteRedondeo
                0x20000030        0x4 .pio\build\bluepill_f103c8\libf2d\libsoporte_placa.a(sp_tiempo.o)
 .bss.ticks     0x20000034        0x4 .pio\build\bluepill_f103c8\libf2d\libsoporte_placa.a(sp_tiempo.o)
 *(COMMON)
 COMMON         0x20000038       0x30 .pio\build\bluepill_f103c8\libf2d\libsoporte_placa.a(sp_tiempo.o)
                0x20000038                timeoutDescriptors
 COMMON         0x20000068       0x84 .pio\build\bluepill_f103c8\lib52b\libUnity.a(unity.o)
                0x20000068                Unity
                0x200000ec                . = ALIGN (0x4)
                0x200000ec                _ebss = .
                0x200000ec                __bss_end__ = _ebss

._user_heap_stack
                0x200000ec      0x604 load address 0x08001084
                0x200000f0                . = ALIGN (0x8)
 *fill*         0x200000ec        0x4 
                [!provide]                PROVIDE (end, .)
                [!provide]                PROVIDE (_end, .)
                0x200002f0                . = (. + _Min_Heap_Size)
 *fill*         0x200000f0      0x200 
                0x200006f0                . = (. + _Min_Stack_Size)
 *fill*         0x200002f0      0x400 
                0x200006f0                . = ALIGN (0x8)

/DISCARD/
 libc.a(*)
 libm.a(*)
 libgcc.a(*)

.ARM.attributes
                0x00000000       0x29
 *(.ARM.attributes)
 .ARM.attributes
                0x00000000       0x1d c:/users/santiago torres/.platformio/packages/toolchain-gccarmnoneeabi/bin/../lib/gcc/arm-none-eabi/7.2.1/thumb/v7-m/crti.o
 .ARM.attributes
                0x0000001d       0x2d c:/users/santiago torres/.platformio/packages/toolchain-gccarmnoneeabi/bin/../lib/gcc/arm-none-eabi/7.2.1/thumb/v7-m/crtbegin.o
 .ARM.attributes
                0x0000004a       0x21 .pio\build\bluepill_f103c8\FrameworkCMSIS\gcc\startup_stm32f103xb.o
 .ARM.attributes
                0x0000006b       0x33 .pio\build\bluepill_f103c8\FrameworkCMSIS\system_stm32f1xx.o
 .ARM.attributes
                0x0000009e       0x33 .pio\build\bluepill_f103c8\test\embedded\test_sp_tiempo\handlers.o
 .ARM.attributes
                0x000000d1       0x33 .pio\build\bluepill_f103c8\test\embedded\test_sp_tiempo\test_sp_tiempo.o
 .ARM.attributes
                0x00000104       0x33 .pio\build\bluepill_f103c8\test\embedded\unity_config.o
 .ARM.attributes
                0x00000137       0x33 .pio\build\bluepill_f103c8\libf2d\libsoporte_placa.a(soporte_placa.o)
 .ARM.attributes
                0x0000016a       0x33 .pio\build\bluepill_f103c8\libf2d\libsoporte_placa.a(sp_tiempo.o)
 .ARM.attributes
                0x0000019d       0x33 .pio\build\bluepill_f103c8\lib52b\libUnity.a(unity.o)
 .ARM.attributes
                0x000001d0       0x2d c:/users/santiago torres/.platformio/packages/toolchain-gccarmnoneeabi/bin/../lib/gcc/arm-none-eabi/7.2.1/../../../../arm-none-eabi/lib/thumb/v7-m\libc_nano.a(lib_a-init.o)
 .ARM.attributes
                0x000001fd       0x1b c:/users/santiago torres/.platformio/packages/toolchain-gccarmnoneeabi/bin/../lib/gcc/arm-none-eabi/7.2.1/../../../../arm-none-eabi/lib/thumb/v7-m\libc_nano.a(lib_a-setjmp.o)
 .ARM.attributes
                0x00000218       0x1d c:/users/santiago torres/.platformio/packages/toolchain-gccarmnoneeabi/bin/../lib/gcc/arm-none-eabi/7.2.1/thumb/v7-m/crtn.o
OUTPUT(.pio\build\bluepill_f103c8\firmware.elf elf32-littlearm)

.debug_info     0x00000000     0x7096
 .debug_info    0x00000000      0x3e4 .pio\build\bluepill_f103c8\FrameworkCMSIS\system_stm32f1xx.o
 .debug_info    0x000003e4      0x39b .pio\build\bluepill_f103c8\test\embedded\test_sp_tiempo\handlers.o
 .debug_info    0x0000077f     0x1a04 .pio\build\bluepill_f103c8\test\embedded\test_sp_tiempo\test_sp_tiempo.o
 .debug_info    0x00002183      0x31f .pio\build\bluepill_f103c8\test\embedded\unity_config.o
 .debug_info    0x000024a2      0x139 .pio\build\bluepill_f103c8\libf2d\libsoporte_placa.a(soporte_placa.o)
 .debug_info    0x000025db      0x8ba .pio\build\bluepill_f103c8\libf2d\libsoporte_placa.a(sp_tiempo.o)
 .debug_info    0x00002e95     0x4201 .pio\build\bluepill_f103c8\lib52b\libUnity.a(unity.o)

.debug_abbrev   0x00000000      0xf41
 .debug_abbrev  0x00000000      0x131 .pio\build\bluepill_f103c8\FrameworkCMSIS\system_stm32f1xx.o
 .debug_abbrev  0x00000131       0x44 .pio\build\bluepill_f103c8\test\embedded\test_sp_tiempo\handlers.o
 .debug_abbrev  0x00000175      0x3d5 .pio\build\bluepill_f103c8\test\embedded\test_sp_tiempo\test_sp_tiempo.o
 .debug_abbrev  0x0000054a      0x11d .pio\build\bluepill_f103c8\test\embedded\unity_config.o
 .debug_abbrev  0x00000667       0xb2 .pio\build\bluepill_f103c8\libf2d\libsoporte_placa.a(soporte_placa.o)
 .debug_abbrev  0x00000719      0x30a .pio\build\bluepill_f103c8\libf2d\libsoporte_placa.a(sp_tiempo.o)
 .debug_abbrev  0x00000a23      0x51e .pio\build\bluepill_f103c8\lib52b\libUnity.a(unity.o)

.debug_loc      0x00000000     0x34c1
 .debug_loc     0x00000000       0xcd .pio\build\bluepill_f103c8\FrameworkCMSIS\system_stm32f1xx.o
 .debug_loc     0x000000cd      0x33c .pio\build\bluepill_f103c8\test\embedded\test_sp_tiempo\test_sp_tiempo.o
 .debug_loc     0x00000409       0x2c .pio\build\bluepill_f103c8\test\embedded\unity_config.o
 .debug_loc     0x00000435      0x293 .pio\build\bluepill_f103c8\libf2d\libsoporte_placa.a(sp_tiempo.o)
 .debug_loc     0x000006c8     0x2df9 .pio\build\bluepill_f103c8\lib52b\libUnity.a(unity.o)

.debug_aranges  0x00000000      0x440
 .debug_aranges
                0x00000000       0x28 .pio\build\bluepill_f103c8\FrameworkCMSIS\system_stm32f1xx.o
 .debug_aranges
                0x00000028      0x1b0 .pio\build\bluepill_f103c8\test\embedded\test_sp_tiempo\handlers.o
 .debug_aranges
                0x000001d8       0x88 .pio\build\bluepill_f103c8\test\embedded\test_sp_tiempo\test_sp_tiempo.o
 .debug_aranges
                0x00000260       0x38 .pio\build\bluepill_f103c8\test\embedded\unity_config.o
 .debug_aranges
                0x00000298       0x20 .pio\build\bluepill_f103c8\libf2d\libsoporte_placa.a(soporte_placa.o)
 .debug_aranges
                0x000002b8       0x40 .pio\build\bluepill_f103c8\libf2d\libsoporte_placa.a(sp_tiempo.o)
 .debug_aranges
                0x000002f8      0x148 .pio\build\bluepill_f103c8\lib52b\libUnity.a(unity.o)

.debug_ranges   0x00000000      0x6c8
 .debug_ranges  0x00000000       0x18 .pio\build\bluepill_f103c8\FrameworkCMSIS\system_stm32f1xx.o
 .debug_ranges  0x00000018      0x1a0 .pio\build\bluepill_f103c8\test\embedded\test_sp_tiempo\handlers.o
 .debug_ranges  0x000001b8      0x170 .pio\build\bluepill_f103c8\test\embedded\test_sp_tiempo\test_sp_tiempo.o
 .debug_ranges  0x00000328       0x28 .pio\build\bluepill_f103c8\test\embedded\unity_config.o
 .debug_ranges  0x00000350       0x10 .pio\build\bluepill_f103c8\libf2d\libsoporte_placa.a(soporte_placa.o)
 .debug_ranges  0x00000360       0x78 .pio\build\bluepill_f103c8\libf2d\libsoporte_placa.a(sp_tiempo.o)
 .debug_ranges  0x000003d8      0x2f0 .pio\build\bluepill_f103c8\lib52b\libUnity.a(unity.o)

.debug_line     0x00000000     0x1e5d
 .debug_line    0x00000000      0x299 .pio\build\bluepill_f103c8\FrameworkCMSIS\system_stm32f1xx.o
 .debug_line    0x00000299      0x377 .pio\build\bluepill_f103c8\test\embedded\test_sp_tiempo\handlers.o
 .debug_line    0x00000610      0x618 .pio\build\bluepill_f103c8\test\embedded\test_sp_tiempo\test_sp_tiempo.o
 .debug_line    0x00000c28      0x24b .pio\build\bluepill_f103c8\test\embedded\unity_config.o
 .debug_line    0x00000e73      0x224 .pio\build\bluepill_f103c8\libf2d\libsoporte_placa.a(soporte_placa.o)
 .debug_line    0x00001097      0x361 .pio\build\bluepill_f103c8\libf2d\libsoporte_placa.a(sp_tiempo.o)
 .debug_line    0x000013f8      0xa65 .pio\build\bluepill_f103c8\lib52b\libUnity.a(unity.o)

.debug_str      0x00000000     0x2080
 .debug_str     0x00000000      0x2b1 .pio\build\bluepill_f103c8\FrameworkCMSIS\system_stm32f1xx.o
                                0x2fe (size before relaxing)
 .debug_str     0x000002b1      0x3f1 .pio\build\bluepill_f103c8\test\embedded\test_sp_tiempo\handlers.o
                                0x4ba (size before relaxing)
 .debug_str     0x000006a2      0xc9f .pio\build\bluepill_f103c8\test\embedded\test_sp_tiempo\test_sp_tiempo.o
                                0xed2 (size before relaxing)
 .debug_str     0x00001341       0x96 .pio\build\bluepill_f103c8\test\embedded\unity_config.o
                                0x2a9 (size before relaxing)
 .debug_str     0x000013d7       0x31 .pio\build\bluepill_f103c8\libf2d\libsoporte_placa.a(soporte_placa.o)
                                0x1f7 (size before relaxing)
 .debug_str     0x00001408      0x44b .pio\build\bluepill_f103c8\libf2d\libsoporte_placa.a(sp_tiempo.o)
                                0x73c (size before relaxing)
 .debug_str     0x00001853      0x82d .pio\build\bluepill_f103c8\lib52b\libUnity.a(unity.o)
                               0x1219 (size before relaxing)

.comment        0x00000000       0x7e
 .comment       0x00000000       0x7e .pio\build\bluepill_f103c8\FrameworkCMSIS\system_stm32f1xx.o
                                 0x7f (size before relaxing)
 .comment       0x0000007e       0x7f .pio\build\bluepill_f103c8\test\embedded\test_sp_tiempo\handlers.o
 .comment       0x0000007e       0x7f .pio\build\bluepill_f103c8\test\embedded\test_sp_tiempo\test_sp_tiempo.o
 .comment       0x0000007e       0x7f .pio\build\bluepill_f103c8\test\embedded\unity_config.o
 .comment       0x0000007e       0x7f .pio\build\bluepill_f103c8\libf2d\libsoporte_placa.a(soporte_placa.o)
 .comment       0x0000007e       0x7f .pio\build\bluepill_f103c8\libf2d\libsoporte_placa.a(sp_tiempo.o)
 .comment       0x0000007e       0x7f .pio\build\bluepill_f103c8\lib52b\libUnity.a(unity.o)

.debug_frame    0x00000000      0xb18
 .debug_frame   0x00000000       0x30 .pio\build\bluepill_f103c8\FrameworkCMSIS\system_stm32f1xx.o
 .debug_frame   0x00000030      0x340 .pio\build\bluepill_f103c8\test\embedded\test_sp_tiempo\handlers.o
 .debug_frame   0x00000370      0x19c .pio\build\bluepill_f103c8\test\embedded\test_sp_tiempo\test_sp_tiempo.o
 .debug_frame   0x0000050c       0x60 .pio\build\bluepill_f103c8\test\embedded\unity_config.o
 .debug_frame   0x0000056c       0x20 .pio\build\bluepill_f103c8\libf2d\libsoporte_placa.a(soporte_placa.o)
 .debug_frame   0x0000058c       0x88 .pio\build\bluepill_f103c8\libf2d\libsoporte_placa.a(sp_tiempo.o)
 .debug_frame   0x00000614      0x4d8 .pio\build\bluepill_f103c8\lib52b\libUnity.a(unity.o)
 .debug_frame   0x00000aec       0x2c c:/users/santiago torres/.platformio/packages/toolchain-gccarmnoneeabi/bin/../lib/gcc/arm-none-eabi/7.2.1/../../../../arm-none-eabi/lib/thumb/v7-m\libc_nano.a(lib_a-init.o)
